ZipOverbyteIcsV6beta.bat
ZipOverbyteIcsV6beta.lst
ReadMeOverbyteIcsV6beta.txt
IcsMidwareCodingStyle.doc
Delphi\Internet\OverbyteIcsConFtp.bdsproj
Delphi\Internet\OverbyteIcsConFtp.dpr
Delphi\Internet\OverbyteIcsDel100Sam.bdsgroup
Delphi\Internet\OverbyteIcsDel70Sam.bpg
Delphi\Internet\OverbyteIcsFtpServ.bdsproj
Delphi\Internet\OverbyteIcsFtpServ.dpr
Delphi\Internet\OverbyteIcsFtpServ.res
Delphi\Internet\OverbyteIcsFtpServ1.dfm
Delphi\Internet\OverbyteIcsFtpServ1.pas
Delphi\Internet\OverbyteIcsFtpTst.bdsproj
Delphi\Internet\OverbyteIcsFtpTst.dpr
Delphi\Internet\OverbyteIcsFtpTst.res
Delphi\Internet\OverbyteIcsFtpTst1.dfm
Delphi\Internet\OverbyteIcsFtpTst1.pas
Delphi\Internet\OverbyteIcsFtpTst2.dfm
Delphi\Internet\OverbyteIcsFtpTst2.pas
Delphi\Internet\OverbyteIcsHttpPost.bdsproj
Delphi\Internet\OverbyteIcsHttpPost.dpr
Delphi\Internet\OverbyteIcsHttpPost.res
Delphi\Internet\OverbyteIcsHttpPost1.dfm
Delphi\Internet\OverbyteIcsHttpPost1.pas
Delphi\Internet\OverbyteIcsHttpTst.bdsproj
Delphi\Internet\OverbyteIcsHttpTst.dpr
Delphi\Internet\OverbyteIcsHttpTst.res
Delphi\Internet\OverbyteIcsHttpTst1.dfm
Delphi\Internet\OverbyteIcsHttpTst1.pas
Delphi\Internet\OverbyteIcsMailRcv.bdsproj
Delphi\Internet\OverbyteIcsMailRcv.dpr
Delphi\Internet\OverbyteIcsMailRcv.res
Delphi\Internet\OverbyteIcsMailRcv1.dfm
Delphi\Internet\OverbyteIcsMailRcv1.pas
Delphi\Internet\OverbyteIcsMailRcv2.dfm
Delphi\Internet\OverbyteIcsMailRcv2.pas
Delphi\Internet\OverbyteIcsMailSnd.bdsproj
Delphi\Internet\OverbyteIcsMailSnd.dpr
Delphi\Internet\OverbyteIcsMailSnd.res
Delphi\Internet\OverbyteIcsMailSnd1.dfm
Delphi\Internet\OverbyteIcsMailSnd1.pas
Delphi\Internet\OverbyteIcsNewsReader.bdsproj
Delphi\Internet\OverbyteIcsNewsReader.dpr
Delphi\Internet\OverbyteIcsNewsReader.res
Delphi\Internet\OverbyteIcsNewsReader1.dfm
Delphi\Internet\OverbyteIcsNewsReader1.pas
Delphi\Internet\OverbyteIcsNsLookup.bdsproj
Delphi\Internet\OverbyteIcsNsLookup.dpr
Delphi\Internet\OverbyteIcsNsLookup.res
Delphi\Internet\OverbyteIcsNsLookup1.dfm
Delphi\Internet\OverbyteIcsNsLookup1.pas
Delphi\Internet\OverbyteIcsPingTst.bdsproj
Delphi\Internet\OverbyteIcsPingTst.dpr
Delphi\Internet\OverbyteIcsPingTst.res
Delphi\Internet\OverbyteIcsPingTst1.dfm
Delphi\Internet\OverbyteIcsPingTst1.pas
Delphi\Internet\OverbyteIcsTcpSrv.bdsproj
Delphi\Internet\OverbyteIcsTcpSrv.dpr
Delphi\Internet\OverbyteIcsTcpSrv.res
Delphi\Internet\OverbyteIcsTcpSrv1.dfm
Delphi\Internet\OverbyteIcsTcpSrv1.pas
Delphi\Internet\OverbyteIcsTelnetClient.bdsproj
Delphi\Internet\OverbyteIcsTelnetClient.dpr
Delphi\Internet\OverbyteIcsTelnetClient.res
Delphi\Internet\OverbyteIcsTelnetClient1.dfm
Delphi\Internet\OverbyteIcsTelnetClient1.pas
Delphi\Internet\OverbyteIcsWebServ.bdsproj
Delphi\Internet\OverbyteIcsWebServ.dpr
Delphi\Internet\OverbyteIcsWebServ.res
Delphi\Internet\OverbyteIcsWebServ1.dfm
Delphi\Internet\OverbyteIcsWebServ1.pas
Delphi\Internet\OverbyteIcsWndControlTest.bdsproj
Delphi\Internet\OverbyteIcsWndControlTest.dpr
Delphi\Internet\OverbyteIcsWndControlTest.res
Delphi\Internet\OverbyteIcsWndControlTest1.dfm
Delphi\Internet\OverbyteIcsWndControlTest1.pas

Delphi\Vc32\OverbyteIcsDefs.inc
Delphi\Vc32\OverbyteIcsDel100Package.bdsproj
Delphi\Vc32\OverbyteIcsDel100Package.dpk
Delphi\Vc32\OverbyteIcsDel70.dpk
Delphi\Vc32\OverbyteIcsDel70.res
Delphi\Vc32\OverbyteIcsDES.pas
Delphi\Vc32\OverbyteIcsDnsQuery.dcr
Delphi\Vc32\OverbyteIcsDnsQuery.pas
Delphi\Vc32\OverbyteIcsEmulVT.dcr
Delphi\Vc32\OverbyteIcsEmulVT.pas
Delphi\Vc32\OverbyteIcsFingCli.dcr
Delphi\Vc32\OverbyteIcsFingCli.pas
Delphi\Vc32\OverbyteIcsFtpCli.dcr
Delphi\Vc32\OverbyteIcsFtpCli.pas
Delphi\Vc32\OverbyteIcsFtpSrv.dcr
Delphi\Vc32\OverbyteIcsFtpSrv.pas
Delphi\Vc32\OverbyteIcsFtpSrvC.pas
Delphi\Vc32\OverbyteIcsFtpSrvT.pas
Delphi\Vc32\OverbyteIcsHttpContCod.pas
Delphi\Vc32\OverbyteIcsHttpProt.dcr
Delphi\Vc32\OverbyteIcsHttpProt.pas
Delphi\Vc32\OverbyteIcsHttpSrv.dcr
Delphi\Vc32\OverbyteIcsHttpSrv.pas
Delphi\Vc32\OverbyteIcsIcmp.pas
Delphi\Vc32\OverbyteIcsURL.pas
Delphi\Vc32\OverbyteIcsLibrary.pas
Delphi\Vc32\OverbyteIcsLogger.dcr
Delphi\Vc32\OverbyteIcsLogger.pas
Delphi\Vc32\OverbyteIcsMD4.pas
Delphi\Vc32\OverbyteIcsMD5.pas
Delphi\Vc32\OverbyteIcsMimeUtils.pas
Delphi\Vc32\OverbyteIcsNntpCli.dcr
Delphi\Vc32\OverbyteIcsNntpCli.pas
Delphi\Vc32\OverbyteIcsNtlmMsgs.pas
Delphi\Vc32\OverbyteIcsPing.dcr
Delphi\Vc32\OverbyteIcsPing.pas
Delphi\Vc32\OverbyteIcsPop3Prot.dcr
Delphi\Vc32\OverbyteIcsPop3Prot.pas
Delphi\Vc32\OverbyteIcsSHA1.pas
Delphi\Vc32\OverbyteIcsSmtpProt.dcr
Delphi\Vc32\OverbyteIcsSmtpProt.pas
Delphi\Vc32\OverbyteIcsStreams.pas
Delphi\Vc32\OverbyteIcsTnCnx.dcr
Delphi\Vc32\OverbyteIcsTnCnx.pas
Delphi\Vc32\OverbyteIcsTnEmulVT.dcr
Delphi\Vc32\OverbyteIcsTnEmulVT.pas
Delphi\Vc32\OverbyteIcsTnOptFrm.dfm
Delphi\Vc32\OverbyteIcsTnOptFrm.pas
Delphi\Vc32\OverbyteIcsTnScript.dcr
Delphi\Vc32\OverbyteIcsTnScript.pas
Delphi\Vc32\OverbyteIcsTypes.pas
Delphi\Vc32\OverbyteIcsWinSock.pas
Delphi\Vc32\OverbyteIcsWndControl.pas
Delphi\Vc32\OverbyteIcsWSockBuf.pas
Delphi\Vc32\OverbyteIcsWSocket.dcr
Delphi\Vc32\OverbyteIcsWSocket.pas
Delphi\Vc32\OverbyteIcsWSocket.TWSocket.bmp
Delphi\Vc32\OverbyteIcsWSocketE.pas
Delphi\Vc32\OverbyteIcsWSocketS.dcr
Delphi\Vc32\OverbyteIcsWSocketS.pas
Delphi\Vc32\OverbyteIcsZlib.inc
Delphi\Vc32\OverbyteIcsZLibDll.pas
Delphi\Vc32\OverbyteIcsZlibHigh.pas
Delphi\Vc32\OverbyteIcsZLibObj.pas
Delphi\Vc32\OverbyteIcsZLibObj.pas
Delphi\vc32\ZOBJ123\adler32.obj
Delphi\vc32\ZOBJ123\compress.obj
Delphi\vc32\ZOBJ123\crc32.obj
Delphi\vc32\ZOBJ123\deflate.obj
Delphi\vc32\ZOBJ123\example.obj
Delphi\vc32\ZOBJ123\gzio.obj
Delphi\vc32\ZOBJ123\infback.obj
Delphi\vc32\ZOBJ123\inffast.obj
Delphi\vc32\ZOBJ123\inflate.obj
Delphi\vc32\ZOBJ123\inftrees.obj
Delphi\vc32\ZOBJ123\minigzip.obj
Delphi\vc32\ZOBJ123\trees.obj
Delphi\vc32\ZOBJ123\uncompr.obj
Delphi\vc32\ZOBJ123\zutil.obj
